sections
0900 - 31b0 : DATA, code
0cfe - 3cbe : DATA, data
3cbe - 46ce : BSS, bss
46ce - 9000 : HEAP, heap
9000 - a000 : STACK, stack
10000 - 10000 : ZEROPAGE, zeropage
0801 - 0856 : DATA, startup
a000 - a000 : SSTACK, cia_init@stack
a000 - a000 : SSTACK, vic_setmode@stack
a000 - a000 : SSTACK, sidfx_init@stack
a000 - a000 : SSTACK, init@stack
a000 - a000 : SSTACK, null@stack
a000 - a000 : SSTACK, set_scene_pointers@stack
a000 - a000 : SSTACK, waveform_menu_option_put@stack
a000 - a000 : SSTACK, waveform_menu_option_pulse@stack
a000 - a000 : SSTACK, waveform_menu_set_option@stack
a000 - a000 : SSTACK, waveform_menu_change_option@stack
a000 - a000 : SSTACK, waveform_menu_change_color@stack
a000 - a000 : SSTACK, pwm_menu_change_value@stack
a000 - a000 : SSTACK, pwm_menu_change_color@stack
a000 - a000 : SSTACK, pwm_menu_cycle_step@stack
a000 - a000 : SSTACK, attack_menu_change_value@stack
a000 - a000 : SSTACK, attack_menu_change_color@stack
a000 - a000 : SSTACK, attack_menu_cycle_step@stack
a000 - a000 : SSTACK, decay_menu_change_value@stack
a000 - a000 : SSTACK, decay_menu_change_color@stack
a000 - a000 : SSTACK, decay_menu_cycle_step@stack
a000 - a000 : SSTACK, sustain_menu_change_value@stack
a000 - a000 : SSTACK, sustain_menu_change_color@stack
a000 - a000 : SSTACK, sustain_menu_cycle_step@stack
a000 - a000 : SSTACK, release_menu_change_value@stack
a000 - a000 : SSTACK, release_menu_change_color@stack
a000 - a000 : SSTACK, release_menu_cycle_step@stack
a000 - a000 : SSTACK, dfreq_menu_change_value@stack
a000 - a000 : SSTACK, dfreq_menu_change_color@stack
a000 - a000 : SSTACK, dfreq_menu_cycle_step@stack
a000 - a000 : SSTACK, dpwm_menu_change_value@stack
a000 - a000 : SSTACK, dpwm_menu_change_color@stack
a000 - a000 : SSTACK, dpwm_menu_cycle_step@stack
a000 - a000 : SSTACK, time1_menu_change_value@stack
a000 - a000 : SSTACK, time1_menu_change_color@stack
a000 - a000 : SSTACK, time1_menu_cycle_step@stack
a000 - a000 : SSTACK, time0_menu_change_value@stack
a000 - a000 : SSTACK, time0_menu_change_color@stack
a000 - a000 : SSTACK, time0_menu_cycle_step@stack
a000 - a000 : SSTACK, edit_window_init_options_struct@stack
a000 - a000 : SSTACK, edit_window_init@stack
a000 - a000 : SSTACK, clear_screen@stack
a000 - a000 : SSTACK, update_menu_selections@stack
a000 - a000 : SSTACK, edit_window_fill_wave_name@stack
a000 - a000 : SSTACK, edit_window_update_buffer_wave_name@stack
a000 - a000 : SSTACK, edit_window_fill_buffers_with_values@stack
a000 - a000 : SSTACK, find_note@stack
a000 - a000 : SSTACK, win_put_at@stack
a000 - a000 : SSTACK, joy_poll@stack
a000 - a000 : SSTACK, update_sidfx_struct@stack
a000 - a000 : SSTACK, keyb_poll@stack
a000 - a000 : SSTACK, select_note@stack
a000 - a000 : SSTACK, select_new_octave@stack
a000 - a000 : SSTACK, sidfx_loop@stack
a000 - a000 : SSTACK, change_main_scene_to@stack
a000 - a000 : SSTACK, sound_effect_info_fill_buffer@stack
a000 - a000 : SSTACK, sound_effect_info_show@stack
a000 - a000 : SSTACK, exporter_fill_txt_template@stack
a000 - a000 : SSTACK, krnio_setnam@stack
a000 - a000 : SSTACK, krnio_open@stack
a000 - a000 : SSTACK, krnio_chkout@stack
a000 - a000 : SSTACK, krnio_chrout@stack
a000 - a000 : SSTACK, krnio_clrchn@stack
a000 - a000 : SSTACK, krnio_write@stack
a000 - a000 : SSTACK, krnio_close@stack
a000 - a000 : SSTACK, exporter_save_file@stack
a000 - a000 : SSTACK, sound_effect_info_process_keyboard_events@stack
a000 - a000 : SSTACK, sound_effect_info_hide@stack
a000 - a000 : SSTACK, sound_effect_info_window_mainloop@stack
a000 - a000 : SSTACK, sound_bank_init@stack
a000 - a000 : SSTACK, sound_bank_window_init@stack
a000 - a000 : SSTACK, copy_to_screen@stack
a000 - a000 : SSTACK, sound_bank_window_store_sfx@stack
a000 - a000 : SSTACK, sound_bank_window_restore_sfx@stack
a000 - a000 : SSTACK, sound_bank_window_select_option@stack
a000 - a000 : SSTACK, sound_bank_window_show@stack
a000 - a000 : SSTACK, sound_bank_window_deselect_option@stack
a000 - a000 : SSTACK, sound_bank_window_go_up@stack
a000 - a000 : SSTACK, sound_bank_window_go_down@stack
a000 - a000 : SSTACK, sound_bank_window_go_left@stack
a000 - a000 : SSTACK, sound_bank_window_go_right@stack
a000 - a000 : SSTACK, copy_screen_name_to_view_buffor@stack
a000 - a000 : SSTACK, loader_show_view@stack
a000 - a000 : SSTACK, view_buffor_get_sound_name@stack
a000 - a000 : SSTACK, loader_save_file@stack
a000 - a000 : SSTACK, krnio_chkin@stack
a000 - a000 : SSTACK, krnio_chrin@stack
a000 - a000 : SSTACK, krnio_status@stack
a000 - a000 : SSTACK, krnio_read@stack
a000 - a000 : SSTACK, view_buffor_set_sound_name@stack
a000 - a000 : SSTACK, loader_load_file@stack
a000 - a000 : SSTACK, loader_process_keyboard_events@stack
a000 - a000 : SSTACK, loader_hide_view@stack
a000 - a000 : SSTACK, loader_window_mainloop@stack
a000 - a000 : SSTACK, edit_label_window_process_input_arguments@stack
a000 - a000 : SSTACK, label_backspace@stack
a000 - a000 : SSTACK, label_add_char@stack
a000 - a000 : SSTACK, edit_label_window_process_keyboard_events@stack
a000 - a000 : SSTACK, edit_label_window_mainloop@stack
a000 - a000 : SSTACK, scene_tree_assign_pointers@stack

regions
0080 - 00ff : 0000, 0000, zeropage
0801 - 0900 : 0856, 0055, startup
0900 - 9000 : 3cbe, 3dce, main

objects
0801 - 0856 : startup, NATIVE_CODE:startup
0cfe - 0cff : spentry, DATA:data
3cbe - 3cbe : BSSStart, START:bss
46ce - 46ce : BSSEnd, END:bss
a000 - a000 : StackEnd, END:stack
0900 - 0916 : main, NATIVE_CODE:code
0916 - 0944 : init, NATIVE_CODE:code
31f5 - 31f6 : PLAShadow, DATA:bss
0944 - 0975 : cia_init, NATIVE_CODE:code
0975 - 09cd : vic_setmode, NATIVE_CODE:code
09cd - 09f5 : sidfx_init, NATIVE_CODE:code
33c0 - 33de : channels, DATA:bss
09f5 - 0a57 : project_init, NATIVE_CODE:code
0a57 - 0ade : scene_tree_assign_pointers, NATIVE_CODE:code
0ade - 0adf : null, NATIVE_CODE:code
33de - 33f7 : scene_tree, DATA:bss
0adf - 0af9 : set_scene_pointers, NATIVE_CODE:code
0af9 - 0afc : edit_window_init, NATIVE_CODE:code
0afc - 0cf3 : edit_window_init_options_struct, NATIVE_CODE:code
3b61 - 3bd0 : menu, DATA:bss
0d00 - 0d47 : waveform_menu_change_option, NATIVE_CODE:code
0d47 - 0d9b : waveform_menu_set_option, NATIVE_CODE:code
0d9b - 0db5 : waveform_menu_option_put, NATIVE_CODE:code
0db5 - 0df3 : waveform_menu_option_pulse, NATIVE_CODE:code
0e00 - 0e14 : waveform_menu_change_color, NATIVE_CODE:code
0e14 - 0e84 : pwm_menu_change_value, NATIVE_CODE:code
31b0 - 31c0 : int2hexpetscii, DATA:data
0cf3 - 0cfe : pwm_menu_change_color, NATIVE_CODE:code
0e84 - 0ee2 : pwm_menu_cycle_step, NATIVE_CODE:code
0f00 - 0f4a : attack_menu_change_value, NATIVE_CODE:code
0df3 - 0dfb : attack_menu_change_color, NATIVE_CODE:code
0f4a - 0f7d : attack_menu_cycle_step, NATIVE_CODE:code
0f7d - 0fc7 : decay_menu_change_value, NATIVE_CODE:code
0ee2 - 0eea : decay_menu_change_color, NATIVE_CODE:code
0fc7 - 0ffa : decay_menu_cycle_step, NATIVE_CODE:code
1000 - 104a : sustain_menu_change_value, NATIVE_CODE:code
0eea - 0ef2 : sustain_menu_change_color, NATIVE_CODE:code
104a - 107d : sustain_menu_cycle_step, NATIVE_CODE:code
107d - 10c7 : release_menu_change_value, NATIVE_CODE:code
0ef2 - 0efa : release_menu_change_color, NATIVE_CODE:code
10c7 - 10fa : release_menu_cycle_step, NATIVE_CODE:code
1100 - 117b : dfreq_menu_change_value, NATIVE_CODE:code
117b - 1186 : dfreq_menu_change_color, NATIVE_CODE:code
1186 - 11ec : dfreq_menu_cycle_step, NATIVE_CODE:code
1200 - 1266 : dpwm_menu_change_value, NATIVE_CODE:code
11ec - 11f7 : dpwm_menu_change_color, NATIVE_CODE:code
1266 - 12c4 : dpwm_menu_cycle_step, NATIVE_CODE:code
1300 - 134e : time1_menu_change_value, NATIVE_CODE:code
12c4 - 12cf : time1_menu_change_color, NATIVE_CODE:code
134e - 138a : time1_menu_cycle_step, NATIVE_CODE:code
138a - 13d8 : time0_menu_change_value, NATIVE_CODE:code
12cf - 12da : time0_menu_change_color, NATIVE_CODE:code
1400 - 143c : time0_menu_cycle_step, NATIVE_CODE:code
12da - 12fe : edit_window_mainloop, NATIVE_CODE:code
143c - 149b : edit_window_show, NATIVE_CODE:code
13d8 - 13ff : clear_screen, NATIVE_CODE:code
149b - 1538 : update_menu_selections, NATIVE_CODE:code
31c0 - 31ce : SIDFXExplosion, DATA:data
11f7 - 11fb : sid_waveforms, DATA:data
1538 - 1649 : edit_window_fill_buffers_with_values, NATIVE_CODE:code
1649 - 16bc : edit_window_update_buffer_wave_name, NATIVE_CODE:code
16bc - 16d6 : edit_window_fill_wave_name, NATIVE_CODE:code
3200 - 32a0 : edit_window_sfx_properties, DATA:data
16d6 - 1809 : edit_window_select_default_menu_options, NATIVE_CODE:code
1809 - 182a : find_note, NATIVE_CODE:code
3300 - 33c0 : notes_pal_table, DATA:data
11fb - 11fd : octave, DATA:data
11fd - 11ff : note, DATA:data
3400 - 34c8 : edit_window_piano, DATA:data
2bf8 - 2c00 : octaves_color_positions, DATA:data
12fe - 1300 : prev_octave_position, DATA:data
31ce - 31da : piano_notes_color_positions, DATA:data
31da - 31dc : prev_note_position, DATA:data
182a - 18c0 : win_put_at, NATIVE_CODE:code
32a0 - 32c8 : edit_window_info_bar, DATA:data
18c0 - 1990 : edit_window_process_joystick_events, NATIVE_CODE:code
1990 - 19d2 : joy_poll, NATIVE_CODE:code
31f6 - 31f8 : joyy, DATA:bss
31f8 - 31fa : joyx, DATA:bss
31fa - 31fc : joyb, DATA:bss
31dc - 31de : prevy, DATA:data
19d2 - 1a47 : update_vertical_menu, NATIVE_CODE:code
1a47 - 1b07 : select_option, NATIVE_CODE:code
31de - 31e0 : prevx, DATA:data
1b07 - 1b6a : update_horizontal_menu, NATIVE_CODE:code
1b6a - 1bc0 : update_sidfx_struct, NATIVE_CODE:code
31e0 - 31e2 : prevb, DATA:data
1bc0 - 1e6f : edit_window_process_keyboard_events, NATIVE_CODE:code
1e6f - 1f36 : keyb_poll, NATIVE_CODE:code
31fc - 31fd : keyb_key, DATA:bss
33f7 - 33ff : keyb_matrix, DATA:bss
3500 - 3580 : keyb_codes, DATA:data
1f36 - 1f5a : select_note, NATIVE_CODE:code
1f5a - 1f7e : select_new_octave, NATIVE_CODE:code
1f7e - 220c : sidfx_loop, NATIVE_CODE:code
220c - 222f : change_main_scene_to, NATIVE_CODE:code
222f - 224f : sound_effect_info_window_mainloop, NATIVE_CODE:code
224f - 23d7 : sound_effect_info_fill_buffer, NATIVE_CODE:code
3580 - 3706 : sound_effect_info_ascii, DATA:data
23d7 - 2457 : sound_effect_info_show, NATIVE_CODE:code
3cbe - 40a6 : screen_char_backup, DATA:bss
40a6 - 448e : screen_color_backup, DATA:bss
2457 - 248b : sound_effect_info_process_keyboard_events, NATIVE_CODE:code
248b - 24c9 : exporter_save_file, NATIVE_CODE:code
24c9 - 2651 : exporter_fill_txt_template, NATIVE_CODE:code
31e2 - 31f2 : int2hexascii, DATA:data
3706 - 3779 : exporter_txt_template, DATA:data
2651 - 2667 : krnio_setnam, NATIVE_CODE:code
2667 - 267e : *, DATA:code
267e - 26a6 : krnio_open, NATIVE_CODE:code
34c8 - 34d8 : krnio_pstatus, DATA:bss
26a6 - 2702 : krnio_write, NATIVE_CODE:code
2702 - 2712 : krnio_chkout, NATIVE_CODE:code
2712 - 271e : krnio_chrout, NATIVE_CODE:code
0dfb - 0dff : krnio_clrchn, NATIVE_CODE:code
0efa - 0f00 : krnio_close, NATIVE_CODE:code
271e - 2793 : sound_effect_info_hide, NATIVE_CODE:code
0ffa - 0ffd : sound_bank_window_init, NATIVE_CODE:code
2793 - 27e1 : sound_bank_init, NATIVE_CODE:code
448e - 46ce : sound_bank, DATA:bss
2800 - 2821 : sound_bank_window_mainloop, NATIVE_CODE:code
2821 - 2846 : sound_bank_window_show, NATIVE_CODE:code
2846 - 28aa : copy_to_screen, NATIVE_CODE:code
3779 - 3b61 : sound_bank_view_data, DATA:data
0cff - 0d00 : column, DATA:data
0dff - 0e00 : row, DATA:data
28aa - 291a : sound_bank_window_store_sfx, NATIVE_CODE:code
291a - 297d : sound_bank_window_select_option, NATIVE_CODE:code
297d - 29ec : sound_bank_window_restore_sfx, NATIVE_CODE:code
29ec - 2ae5 : sound_bank_window_process_keyboard_events, NATIVE_CODE:code
27e1 - 27f6 : sound_bank_window_go_up, NATIVE_CODE:code
2ae5 - 2b37 : sound_bank_window_deselect_option, NATIVE_CODE:code
2b37 - 2b4c : sound_bank_window_go_down, NATIVE_CODE:code
2b4c - 2b61 : sound_bank_window_go_left, NATIVE_CODE:code
2b61 - 2b76 : sound_bank_window_go_right, NATIVE_CODE:code
2b76 - 2b8a : run_as_child, NATIVE_CODE:code
31fd - 3200 : argv, DATA:bss
2b8a - 2bf8 : copy_screen_name_to_view_buffor, NATIVE_CODE:code
2c00 - 2c1d : loader_window_mainloop, NATIVE_CODE:code
2c1d - 2c7b : loader_show_view, NATIVE_CODE:code
3c00 - 3cbe : loader_window_ascii, DATA:data
2c7b - 2cba : loader_process_keyboard_events, NATIVE_CODE:code
2cba - 2d6a : loader_save_file, NATIVE_CODE:code
2d6a - 2d81 : *, DATA:code
2d81 - 2db9 : view_buffor_get_sound_name, NATIVE_CODE:code
32c8 - 32e0 : ins_template, DATA:data
2db9 - 2e71 : loader_load_file, NATIVE_CODE:code
2e71 - 2e85 : *, DATA:code
2e85 - 2f0c : krnio_read, NATIVE_CODE:code
2f0c - 2f1c : krnio_chkin, NATIVE_CODE:code
27f6 - 2800 : krnio_chrin, NATIVE_CODE:code
2f1c - 2f26 : krnio_status, NATIVE_CODE:code
2f26 - 2f5e : view_buffor_set_sound_name, NATIVE_CODE:code
2f5e - 2fb1 : loader_hide_view, NATIVE_CODE:code
2fb1 - 2fcc : edit_label_window_mainloop, NATIVE_CODE:code
2fcc - 3008 : edit_label_window_process_input_arguments, NATIVE_CODE:code
11ff - 1200 : edit_label_x_min, DATA:data
13ff - 1400 : edit_label_x_max, DATA:data
31f2 - 31f3 : edit_label_x_pos, DATA:data
31f3 - 31f5 : edit_label_y_pos, DATA:data
3008 - 3071 : edit_label_window_process_keyboard_events, NATIVE_CODE:code
3071 - 30a5 : label_backspace, NATIVE_CODE:code
30a5 - 30d1 : label_add_char, NATIVE_CODE:code
32e0 - 32f9 : key_filter, DATA:data
30d1 - 30f1 : mul16by8, NATIVE_CODE:code
30f1 - 3176 : divmod, NATIVE_CODE:code
0ffd - 1000 : bcexec, NATIVE_CODE:code
3176 - 3180 : __multab11L, DATA:code
10fa - 10fd : __multab10L, DATA:code
10fd - 1100 : __multab7L, DATA:code
3180 - 3190 : __multab13L, DATA:code
3190 - 31a0 : __multab40L, DATA:code
31a0 - 31b0 : __multab40H, DATA:code
